[www.gardenia-menu.com/index.html]
[backblue.gif]
[fade.gif]
[index.html]
[www.gardenia-menu.com/images/og-mage.jpg]
[www.gardenia-menu.com/css/bootstrap.css]
[www.gardenia-menu.com/css/style-main.css]
[www.gardenia-menu.com/js/jquery-1.10.2.min.js]
[www.gardenia-menu.com/apple-icon-57x57.png]
[www.gardenia-menu.com/apple-icon-72x72.png]
[www.gardenia-menu.com/apple-icon-76x76.png]
[www.gardenia-menu.com/apple-icon-114x114.png]
[www.gardenia-menu.com/apple-icon-120x120.png]
[www.gardenia-menu.com/apple-icon-144x144.png]
[www.gardenia-menu.com/apple-icon-152x152.png]
[www.gardenia-menu.com/apple-icon-180x180.png]
[www.gardenia-menu.com/images/gardenia.mp4]
[www.gardenia-menu.com/images/main-logo.png]
[www.gardenia-menu.com/menu-ar.html]
[www.gardenia-menu.com/menu-en.html]
[www.gardenia-menu.com/index.html]
[www.gardenia-menu.com/css/bootstrap.css]
[www.gardenia-menu.com/css/style-main.css]
[www.gardenia-menu.com/apple-icon-60x60.html]
[www.gardenia-menu.com/css/simple-line-icons/css/simple-line-icons.min.css]
[www.gardenia-menu.com/css/reset.css]
[www.gardenia-menu.com/css/jquery.mobile.custom.structure.css]
[www.gardenia-menu.com/css/swiper-bundle.min.css]
[www.gardenia-menu.com/css/jquery.modal.min.css]
[www.gardenia-menu.com/css/animations.css]
[www.gardenia-menu.com/css/style-1.8.css]
[www.gardenia-menu.com/js/scripts-1.11.js]
[www.gardenia-menu.com/js/jquery.mobile-1.4.5.min.js]
[www.gardenia-menu.com/js/mailcheck.min.js]
[www.gardenia-menu.com/css/jquery.mobile.datepicker.css]
[www.gardenia-menu.com/css/jquery.mobile.datepicker.js]
[www.gardenia-menu.com/js/jquery.scrollTo.js]
[www.gardenia-menu.com/js/jquery.modal.min.js]
[www.gardenia-menu.com/js/swiper-bundle.min.js]
[www.gardenia-menu.com/js/jquery.lazy.min.js]
[cdn.jsdelivr.net/npm/toastify-js/src/toastify.min.css]
[www.gardenia-menu.com/js/dropzone.js]
[www.gardenia-menu.com/css/dropzone.css]
[www.gardenia-menu.com/images/inside-page-bg.jpg]
[www.gardenia-menu.com/images/backarrow32.png]
[www.gardenia-menu.com/images/header-logo.png]
[www.gardenia-menu.com/js/swiper.min.js]
[www.gardenia-menu.com/menu-ar.html]
[www.gardenia-menu.com/menu-en.html]
[www.gardenia-menu.com/vendor/jquery-3.5.1.min.html]
[www.gardenia-menu.com/vendor/bootstrap/js/bootstrap.min.html]
[www.gardenia-menu.com/js/menu-1.4.js]
[www.gardenia-menu.com/css/simple-line-icons/css/simple-line-icons.min.css]
[www.gardenia-menu.com/css/reset.css]
[www.gardenia-menu.com/images/ajax-loader.gif]
[www.gardenia-menu.com/css/jquery.mobile.custom.structure.css]
[www.gardenia-menu.com/css/swiper-bundle.min.css]
[www.gardenia-menu.com/css/jquery.modal.min.css]
[www.gardenia-menu.com/css/animations.css]
[www.gardenia-menu.com/fonts/AArslanWessamB-AArslanWessamB.woff2]
[www.gardenia-menu.com/fonts/AArslanWessamB-AArslanWessamB.woff]
[www.gardenia-menu.com/images/icon-mg.png]
[www.gardenia-menu.com/css/style-1.8.css]
[www.gardenia-menu.com/css/jquery.mobile.datepicker.css]
[cookiehub.net/c2/d0570e14.js]
[cdn.jsdelivr.net/npm/toastify-js/src/toastify.min.css]
[www.gardenia-menu.com/yahoo.com.html]
[www.gardenia-menu.com/ttnet.net.html]
[www.gardenia-menu.com/hotmail.com.html]
[www.gardenia-menu.com/com.html]
[www.gardenia-menu.com/net.html]
[www.gardenia-menu.com/org.html]
[www.gardenia-menu.com/edu.html]
[www.gardenia-menu.com/gov.html]
[www.gardenia-menu.com/css/dropzone.css]
[www.gardenia-menu.com/{{image}}.html]
[www.gardenia-menu.com/_{{image}}_.html]
[www.gardenia-menu.com/Menu/GiveFeedback.html]
[www.gardenia-menu.com/'{{image}}'.html]
[www.gardenia-menu.com/Menu/BasketDetails.html]
[www.gardenia-menu.com/css/simple-line-icons/fonts/Simple-Line-Iconsb26c.html]
[www.gardenia-menu.com/css/simple-line-icons/fonts/Simple-Line-Iconsb26c-2.html]
[www.gardenia-menu.com/css/simple-line-icons/fonts/Simple-Line-Iconsb26c-3.html]
[www.gardenia-menu.com/css/simple-line-icons/fonts/Simple-Line-Iconsb26c-4.html]
[www.gardenia-menu.com/css/simple-line-icons/fonts/Simple-Line-Iconsb26c-5.html]
[www.gardenia-menu.com/images/icon-sad.html]
[www.gardenia-menu.com/images/icon-neutral.html]
[www.gardenia-menu.com/images/icon-happy.html]
[www.gardenia-menu.com/images/icon-very-happy.html]
[www.gardenia-menu.com/images/logo.html]
[www.gardenia-menu.com/images/facebook-bg.html]
[www.gardenia-menu.com/images/searchbar-categories-more.html]
[www.gardenia-menu.com/images/list-separator.html]
[www.gardenia-menu.com/images/icon-list-more.html]
[www.gardenia-menu.com/images/icon-phone.html]
[www.gardenia-menu.com/images/icon-pin.html]
[www.gardenia-menu.com/images/slider-hints.html]
[www.gardenia-menu.com/images/icon-gift.html]
[www.gardenia-menu.com/images/checkbox-unchecked.html]
[www.gardenia-menu.com/images/checkbox-checked.html]
[www.gardenia-menu.com/images/poweredby.html]
